AREA .  .ABS.
	RADIX HEX
	BASE 0000
	SIZE 0000
	ATTRIB ABS OVR
	GLOBALS
		l__HEAP	0000
		l__BSEG	0000
		l_.  .ABS.	0000
		l__GSFINAL	0000
		l__ISEG	0000
		s_.  .ABS.	0000
		s__HEADER	0000
		l__XSEG	0000
		.init	0000
		l__OVERLAY	0000
		l__LIT	0000
		l__GSINITTAIL	0001
		l__DATA	0050
		l__GSINIT	0058
		l__BSS	0087
		l__HEADER	01EB
		s__CODE	0200
		l__HOME	04AD
		l__CODE	0906
		s__HOME	0B06
		l__BASE	0F35
		s__BASE	0FB3
		s__LIT	1EE8
		s__GSINIT	1EE8
		s__GSINITTAIL	1F40
		s__GSFINAL	1F41
		.OAM	C000
		s__DATA	C0A0
		s__BSS	C0F0
		s__HEAP	C177
		s__BSEG	C177
		s__ISEG	C177
		s__XSEG	C177
		s__OVERLAY	C177
		.STACK	E000
		.refresh_OAM	FF80
AREA _CODE
	RADIX HEX
	BASE 0200
	SIZE 0906
	ATTRIB REL CON
	GLOBALS
		_main	0200
		__divschar_rrx_s	0293
		__divschar_rrx_hds	029A
		__modschar_rrx_s	02A1
		__modschar_rrx_hds	02A8
		__divsint_rrx_s	02AD
		__divsint_rrx_hds	02B9
		__modsint_rrx_s	02C1
		__modsint_rrx_hds	02CD
		__divuchar_rrx_s	02D3
		__divuchar_rrx_hds	02DA
		__moduchar_rrx_s	02E1
		__moduchar_rrx_hds	02E8
		__divuint_rrx_s	02ED
		__divuint_rrx_hds	02F9
		__moduint_rrx_s	0301
		__moduint_rrx_hds	030D
		.mod8	0313
		.div8	0313
		.mod16	031B
		.div16	031B
		.modu8	0355
		.divu8	0355
		.modu16	0358
		.divu16	0358
		_putchar	0395
		_setchar	039E
		_gotoxy	03A7
		_posx	03B2
		_posy	03C3
		.adv_gcurs	03D4
		.circle	03F1
		.horlin	0494
		.verlin	04CC
		.circplot	0528
		.box	05A6
		.line	067C
		.xonly	079D
		.yonly	08EC
		.plot	090D
		.wrbyte	092A
		.getpix	09AC
		.wrtchr	09E1
		_gotogxy	0A45
		_wrtchr	0A50
		_getpix	0A65
		_color	0A71
		_circle	0A80
		_box	0A9A
		_line	0ABE
		_plot_point	0AD6
		_plot	0AEA
AREA _HEADER
	RADIX HEX
	BASE 0000
	SIZE 01EB
	ATTRIB ABS OVR
	GLOBALS
		_exit	01D2
AREA _HOME
	RADIX HEX
	BASE 0B06
	SIZE 04AD
	ATTRIB REL CON
	GLOBALS
		.set_mode	0B06
		.remove_VBL	0B16
		.remove_LCD	0B1C
		.remove_TIM	0B22
		.remove_SIO	0B28
		.remove_JOY	0B2E
		.add_VBL	0B34
		.add_LCD	0B3A
		.add_TIM	0B40
		.add_SIO	0B46
		.add_JOY	0B4C
		.remove_int	0B52
		.add_int	0B72
		.wait_vbl_done	0B8E
		_wait_vbl_done	0B8E
		_display_off	0BA5
		.display_off	0BA5
		.serial_IO	0BC6
		_mode	0BF5
		_get_mode	0BFE
		_enable_interrupts	0C03
		_disable_interrupts	0C05
		_reset	0C07
		.reset	0C07
		_set_interrupts	0C0D
		_remove_VBL	0C18
		_remove_LCD	0C23
		_remove_TIM	0C2E
		_remove_SIO	0C39
		_remove_JOY	0C44
		_add_VBL	0C4F
		_add_LCD	0C5A
		_add_TIM	0C65
		_add_SIO	0C70
		_add_JOY	0C7B
		_clock	0C86
		__printTStates	0C8F
		banked_call	0C90
		banked_ret	0CA9
		__initrleblock	0CB2
		_printf	0CD9
		_sprintf	0CF6
AREA _BASE
	RADIX HEX
	BASE 0FB3
	SIZE 0F35
	ATTRIB REL CON
	GLOBALS
		.mv_sprite	0FB3
		_move_sprite	0FC2
		_set_win_data	0FCF
		_set_bkg_data	0FCF
		_set_sprite_data	101C
		.scroll_sprite	104B
		_scroll_sprite	105C
		.set_sprite_tile	1069
		_set_sprite_tile	1076
		.delay	1081
		_delay	10BB
		.copy_vram	10C4
		_get_data	10D3
		_set_data	10D3
		font_copy_uncompressed	10E6
		font_copy_compressed	111C
		font_load	1171
		font_copy_current	11B9
		font_set	1201
		.put_char	120E
		.out_char	1227
		.del_char	122E
		_font_load	1289
		_font_set	1297
		_font_init	12A6
		_cls	12C8
		.cls	12C8
		.cr_curs	12FA
		.adv_curs	130F
		.tmode	136B
		.tmode_out	1394
		_font_load_ibm_fixed	13A4
		_font_ibm_fixed	13AB
		_font_ibm_fixed_tiles	14AD
		.gmode	1CAD
		.vbl	1D0F
		.lcd	1D1A
		.draw_image	1D27
		.switch_data	1D31
		_switch_data	1D68
		_draw_image	1D83
		.y_table	1D96
		.init_vram	1EB6
		.init_wtt	1EC4
		.init_btt	1ED4
		.init_tt	1EE2
AREA _LIT
	RADIX HEX
	BASE 1EE8
	SIZE 0000
	ATTRIB REL CON
AREA _GSINIT
	RADIX HEX
	BASE 1EE8
	SIZE 0058
	ATTRIB REL CON
	GLOBALS
		gsinit	1EE8
AREA _GSINITTAIL
	RADIX HEX
	BASE 1F40
	SIZE 0001
	ATTRIB REL CON
AREA _GSFINAL
	RADIX HEX
	BASE 1F41
	SIZE 0000
	ATTRIB REL CON
AREA _DATA
	RADIX HEX
	BASE C0A0
	SIZE 0050
	ATTRIB REL CON
	GLOBALS
		_Smiler	C0A0
AREA _BSS
	RADIX HEX
	BASE C0F0
	SIZE 0087
	ATTRIB REL CON
	GLOBALS
		__cpu	C0F0
		.mode	C0F1
		__io_out	C0F2
		__io_in	C0F3
		__io_status	C0F4
		.vbl_done	C0F5
		__current_bank	C0F6
		_sys_time	C0F7
		.sys_time	C0F7
		.int_0x40	C0F9
		.int_0x48	C109
		.int_0x50	C119
		.int_0x58	C129
		.int_0x60	C139
		font_current	C14C
		font_first_free_tile	C14F
		font_table	C150
		.curx	C162
		.cury	C163
		.fg_colour	C164
		.bg_colour	C165
AREA _HEAP
	RADIX HEX
	BASE C177
	SIZE 0000
	ATTRIB REL CON
	GLOBALS
		_malloc_heap_start	C177
AREA _OVERLAY
	RADIX HEX
	BASE C177
	SIZE 0000
	ATTRIB REL CON
AREA _ISEG
	RADIX HEX
	BASE C177
	SIZE 0000
	ATTRIB REL CON
AREA _BSEG
	RADIX HEX
	BASE C177
	SIZE 0000
	ATTRIB REL CON
AREA _XSEG
	RADIX HEX
	BASE C177
	SIZE 0000
	ATTRIB REL CON
MODULES
	FILE /opt/gbdk/lib/small/asxxxx/gb/crt0.o
		NAME Runtime
	FILE main.o
		NAME lcc286140
LIBRARIES
	LIBRARY /opt/gbdk/lib/small/asxxxx/gbz80/gbz80.lib
		MODULE crt0_rle.o
	LIBRARY /opt/gbdk/lib/small/asxxxx/gb/gb.lib
		MODULE mv_spr.o
	LIBRARY /opt/gbdk/lib/small/asxxxx/gb/gb.lib
		MODULE set_data.o
	LIBRARY /opt/gbdk/lib/small/asxxxx/gbz80/gbz80.lib
		MODULE div.o
	LIBRARY /opt/gbdk/lib/small/asxxxx/gb/gb.lib
		MODULE scroll_s.o
	LIBRARY /opt/gbdk/lib/small/asxxxx/gb/gb.lib
		MODULE set_spr.o
	LIBRARY /opt/gbdk/lib/small/asxxxx/gb/gb.lib
		MODULE delay.o
	LIBRARY /opt/gbdk/lib/small/asxxxx/gbz80/gbz80.lib
		MODULE printf.o
	LIBRARY /opt/gbdk/lib/small/asxxxx/gb/gb.lib
		MODULE cpy_data.o
	LIBRARY /opt/gbdk/lib/small/asxxxx/gb/gb.lib
		MODULE font.o
	LIBRARY /opt/gbdk/lib/small/asxxxx/gb/gb.lib
		MODULE ibmfixed.o
	LIBRARY /opt/gbdk/lib/small/asxxxx/gb/gb.lib
		MODULE drawing.o
	LIBRARY /opt/gbdk/lib/small/asxxxx/gb/gb.lib
		MODULE init_tt.o
USERBASEDEF
	_CODE=0x0200
	_DATA=0xC0A0
	_CODE_1=0x4000
USERGLOBALDEF
	.OAM=0xC000
	.STACK=0xE000
	.refresh_OAM=0xFF80
	.init=0x0000
