AREA .  .ABS.
	RADIX HEX
	BASE 0000
	SIZE 0000
	ATTRIB ABS OVR
	GLOBALS
		l__HEAP	0000
		l__BSEG	0000
		l_.  .ABS.	0000
		l__GSFINAL	0000
		l__ISEG	0000
		s_.  .ABS.	0000
		s__HEADER	0000
		l__XSEG	0000
		.init	0000
		l__OVERLAY	0000
		l__LIT	0000
		l__GSINITTAIL	0001
		l__BSS	0087
		l__GSINIT	0184
		l__DATA	01CD
		l__HEADER	01EB
		s__CODE	0200
		l__HOME	04AD
		l__CODE	0D67
		s__HOME	0F67
		l__BASE	0FBD
		s__BASE	1414
		s__LIT	23D1
		s__GSINIT	23D1
		s__GSINITTAIL	2555
		s__GSFINAL	2556
		.OAM	C000
		s__DATA	C0A0
		s__BSS	C26D
		s__HEAP	C2F4
		s__BSEG	C2F4
		s__ISEG	C2F4
		s__XSEG	C2F4
		s__OVERLAY	C2F4
		.STACK	E000
		.refresh_OAM	FF80
AREA _CODE
	RADIX HEX
	BASE 0200
	SIZE 0D67
	ATTRIB REL CON
	GLOBALS
		_performantdelay	0200
		_animatesprite	021A
		_canplayermove	034F
		_main	0513
		__divschar_rrx_s	06F4
		__divschar_rrx_hds	06FB
		__modschar_rrx_s	0702
		__modschar_rrx_hds	0709
		__divsint_rrx_s	070E
		__divsint_rrx_hds	071A
		__modsint_rrx_s	0722
		__modsint_rrx_hds	072E
		__divuchar_rrx_s	0734
		__divuchar_rrx_hds	073B
		__moduchar_rrx_s	0742
		__moduchar_rrx_hds	0749
		__divuint_rrx_s	074E
		__divuint_rrx_hds	075A
		__moduint_rrx_s	0762
		__moduint_rrx_hds	076E
		.mod8	0774
		.div8	0774
		.mod16	077C
		.div16	077C
		.modu8	07B6
		.divu8	07B6
		.modu16	07B9
		.divu16	07B9
		_putchar	07F6
		_setchar	07FF
		_gotoxy	0808
		_posx	0813
		_posy	0824
		.adv_gcurs	0835
		.circle	0852
		.horlin	08F5
		.verlin	092D
		.circplot	0989
		.box	0A07
		.line	0ADD
		.xonly	0BFE
		.yonly	0D4D
		.plot	0D6E
		.wrbyte	0D8B
		.getpix	0E0D
		.wrtchr	0E42
		_gotogxy	0EA6
		_wrtchr	0EB1
		_getpix	0EC6
		_color	0ED2
		_circle	0EE1
		_box	0EFB
		_line	0F1F
		_plot_point	0F37
		_plot	0F4B
AREA _HEADER
	RADIX HEX
	BASE 0000
	SIZE 01EB
	ATTRIB ABS OVR
	GLOBALS
		_exit	01D2
AREA _HOME
	RADIX HEX
	BASE 0F67
	SIZE 04AD
	ATTRIB REL CON
	GLOBALS
		.set_mode	0F67
		.remove_VBL	0F77
		.remove_LCD	0F7D
		.remove_TIM	0F83
		.remove_SIO	0F89
		.remove_JOY	0F8F
		.add_VBL	0F95
		.add_LCD	0F9B
		.add_TIM	0FA1
		.add_SIO	0FA7
		.add_JOY	0FAD
		.remove_int	0FB3
		.add_int	0FD3
		.wait_vbl_done	0FEF
		_wait_vbl_done	0FEF
		_display_off	1006
		.display_off	1006
		.serial_IO	1027
		_mode	1056
		_get_mode	105F
		_enable_interrupts	1064
		_disable_interrupts	1066
		_reset	1068
		.reset	1068
		_set_interrupts	106E
		_remove_VBL	1079
		_remove_LCD	1084
		_remove_TIM	108F
		_remove_SIO	109A
		_remove_JOY	10A5
		_add_VBL	10B0
		_add_LCD	10BB
		_add_TIM	10C6
		_add_SIO	10D1
		_add_JOY	10DC
		_clock	10E7
		__printTStates	10F0
		banked_call	10F1
		banked_ret	110A
		__initrleblock	1113
		_printf	113A
		_sprintf	1157
AREA _BASE
	RADIX HEX
	BASE 1414
	SIZE 0FBD
	ATTRIB REL CON
	GLOBALS
		.set_sprite_prop	1414
		_set_sprite_prop	1421
		.mv_sprite	142C
		_move_sprite	143B
		_set_win_data	1448
		_set_bkg_data	1448
		_set_sprite_data	1495
		.padup	14C4
		_waitpadup	14C4
		.jpad	14D4
		.wait_pad	1501
		_joypad	1508
		_waitpad	150D
		.set_sprite_tile	1517
		_set_sprite_tile	1524
		.copy_vram	152F
		_get_data	153E
		_set_data	153E
		_set_bkg_tiles	1551
		font_copy_uncompressed	1565
		font_copy_compressed	159B
		font_load	15F0
		font_copy_current	1638
		font_set	1680
		.put_char	168D
		.out_char	16A6
		.del_char	16AD
		_font_load	1708
		_font_set	1716
		_font_init	1725
		_cls	1747
		.cls	1747
		.cr_curs	1779
		.adv_curs	178E
		.tmode	17EA
		.tmode_out	1813
		_font_load_ibm_fixed	1823
		_font_ibm_fixed	182A
		_font_ibm_fixed_tiles	192C
		.gmode	212C
		.vbl	218E
		.lcd	2199
		.draw_image	21A6
		.switch_data	21B0
		_switch_data	21E7
		_draw_image	2202
		.y_table	2215
		.set_xy_wtt	2335
		.set_xy_btt	2346
		.set_xy_tt	2355
		_set_tiles	2386
		.init_vram	239F
		.init_wtt	23AD
		.init_btt	23BD
		.init_tt	23CB
AREA _LIT
	RADIX HEX
	BASE 23D1
	SIZE 0000
	ATTRIB REL CON
AREA _GSINIT
	RADIX HEX
	BASE 23D1
	SIZE 0184
	ATTRIB REL CON
	GLOBALS
		gsinit	23D1
AREA _GSINITTAIL
	RADIX HEX
	BASE 2555
	SIZE 0001
	ATTRIB REL CON
AREA _GSFINAL
	RADIX HEX
	BASE 2556
	SIZE 0000
	ATTRIB REL CON
AREA _DATA
	RADIX HEX
	BASE C0A0
	SIZE 01CD
	ATTRIB REL CON
	GLOBALS
		_MazeSprites	C0A0
		_MazeMap	C0E0
		_PlayerSprite	C248
		_spritesize	C268
		_playerlocation	C269
		_haskey	C26B
		_i	C26C
AREA _BSS
	RADIX HEX
	BASE C26D
	SIZE 0087
	ATTRIB REL CON
	GLOBALS
		__cpu	C26D
		.mode	C26E
		__io_out	C26F
		__io_in	C270
		__io_status	C271
		.vbl_done	C272
		__current_bank	C273
		_sys_time	C274
		.sys_time	C274
		.int_0x40	C276
		.int_0x48	C286
		.int_0x50	C296
		.int_0x58	C2A6
		.int_0x60	C2B6
		font_current	C2C9
		font_first_free_tile	C2CC
		font_table	C2CD
		.curx	C2DF
		.cury	C2E0
		.fg_colour	C2E1
		.bg_colour	C2E2
AREA _HEAP
	RADIX HEX
	BASE C2F4
	SIZE 0000
	ATTRIB REL CON
	GLOBALS
		_malloc_heap_start	C2F4
AREA _OVERLAY
	RADIX HEX
	BASE C2F4
	SIZE 0000
	ATTRIB REL CON
AREA _ISEG
	RADIX HEX
	BASE C2F4
	SIZE 0000
	ATTRIB REL CON
AREA _BSEG
	RADIX HEX
	BASE C2F4
	SIZE 0000
	ATTRIB REL CON
AREA _XSEG
	RADIX HEX
	BASE C2F4
	SIZE 0000
	ATTRIB REL CON
MODULES
	FILE /opt/gbdk/lib/small/asxxxx/gb/crt0.o
		NAME Runtime
	FILE main.o
		NAME lcc266020
LIBRARIES
	LIBRARY /opt/gbdk/lib/small/asxxxx/gbz80/gbz80.lib
		MODULE crt0_rle.o
	LIBRARY /opt/gbdk/lib/small/asxxxx/gb/gb.lib
		MODULE set_prop.o
	LIBRARY /opt/gbdk/lib/small/asxxxx/gb/gb.lib
		MODULE mv_spr.o
	LIBRARY /opt/gbdk/lib/small/asxxxx/gb/gb.lib
		MODULE set_data.o
	LIBRARY /opt/gbdk/lib/small/asxxxx/gb/gb.lib
		MODULE pad.o
	LIBRARY /opt/gbdk/lib/small/asxxxx/gb/gb.lib
		MODULE set_spr.o
	LIBRARY /opt/gbdk/lib/small/asxxxx/gbz80/gbz80.lib
		MODULE printf.o
	LIBRARY /opt/gbdk/lib/small/asxxxx/gb/gb.lib
		MODULE cpy_data.o
	LIBRARY /opt/gbdk/lib/small/asxxxx/gb/gb.lib
		MODULE set_bk_t.o
	LIBRARY /opt/gbdk/lib/small/asxxxx/gbz80/gbz80.lib
		MODULE div.o
	LIBRARY /opt/gbdk/lib/small/asxxxx/gb/gb.lib
		MODULE font.o
	LIBRARY /opt/gbdk/lib/small/asxxxx/gb/gb.lib
		MODULE ibmfixed.o
	LIBRARY /opt/gbdk/lib/small/asxxxx/gb/gb.lib
		MODULE drawing.o
	LIBRARY /opt/gbdk/lib/small/asxxxx/gb/gb.lib
		MODULE set_xy_t.o
	LIBRARY /opt/gbdk/lib/small/asxxxx/gb/gb.lib
		MODULE init_tt.o
USERBASEDEF
	_CODE=0x0200
	_DATA=0xC0A0
	_CODE_1=0x4000
USERGLOBALDEF
	.OAM=0xC000
	.STACK=0xE000
	.refresh_OAM=0xFF80
	.init=0x0000
