AREA .  .ABS.
	RADIX HEX
	BASE 0000
	SIZE 0000
	ATTRIB ABS OVR
	GLOBALS
		l__HEAP	0000
		l__BSEG	0000
		l_.  .ABS.	0000
		l__GSFINAL	0000
		l__ISEG	0000
		s_.  .ABS.	0000
		s__HEADER	0000
		l__XSEG	0000
		.init	0000
		l__OVERLAY	0000
		l__LIT	0000
		l__GSINITTAIL	0001
		l__BSS	0059
		l__GSINIT	0152
		l__DATA	0196
		l__BASE	01A3
		l__HOME	01D3
		l__CODE	01D5
		l__HEADER	01E1
		s__CODE	0200
		s__HOME	03D5
		s__BASE	05A8
		s__LIT	074B
		s__GSINIT	074B
		s__GSINITTAIL	089D
		s__GSFINAL	089E
		.OAM	C000
		s__DATA	C0A0
		s__BSS	C236
		s__HEAP	C28F
		s__BSEG	C28F
		s__ISEG	C28F
		s__XSEG	C28F
		s__OVERLAY	C28F
		.STACK	E000
		.refresh_OAM	FF80
AREA _CODE
	RADIX HEX
	BASE 0200
	SIZE 01D5
	ATTRIB REL CON
	GLOBALS
		_performantdelay	0200
		_main	0214
AREA _HEADER
	RADIX HEX
	BASE 0000
	SIZE 01E1
	ATTRIB ABS OVR
	GLOBALS
		_exit	01D2
AREA _HOME
	RADIX HEX
	BASE 03D5
	SIZE 01D3
	ATTRIB REL CON
	GLOBALS
		.set_mode	03D5
		.remove_VBL	03E5
		.remove_LCD	03EB
		.remove_TIM	03F1
		.remove_SIO	03F7
		.remove_JOY	03FD
		.add_VBL	0403
		.add_LCD	0409
		.add_TIM	040F
		.add_SIO	0415
		.add_JOY	041B
		.remove_int	0421
		.add_int	0441
		.wait_vbl_done	045D
		_wait_vbl_done	045D
		_display_off	0474
		.display_off	0474
		.serial_IO	0495
		_mode	04C4
		_get_mode	04CD
		_enable_interrupts	04D2
		_disable_interrupts	04D4
		_reset	04D6
		.reset	04D6
		_set_interrupts	04DC
		_remove_VBL	04E7
		_remove_LCD	04F2
		_remove_TIM	04FD
		_remove_SIO	0508
		_remove_JOY	0513
		_add_VBL	051E
		_add_LCD	0529
		_add_TIM	0534
		_add_SIO	053F
		_add_JOY	054A
		_clock	0555
		__printTStates	055E
		banked_call	055F
		banked_ret	0578
		__initrleblock	0581
AREA _BASE
	RADIX HEX
	BASE 05A8
	SIZE 01A3
	ATTRIB REL CON
	GLOBALS
		.mv_sprite	05A8
		_move_sprite	05B7
		_set_win_data	05C4
		_set_bkg_data	05C4
		_set_sprite_data	0611
		.padup	0640
		_waitpadup	0640
		.jpad	0650
		.wait_pad	067D
		_joypad	0684
		_waitpad	0689
		.set_sprite_tile	0693
		_set_sprite_tile	06A0
		.copy_vram	06AB
		_get_data	06BA
		_set_data	06BA
		_set_bkg_tiles	06CD
		.set_xy_wtt	06E1
		.set_xy_btt	06F2
		.set_xy_tt	0701
		_set_tiles	0732
AREA _LIT
	RADIX HEX
	BASE 074B
	SIZE 0000
	ATTRIB REL CON
AREA _GSINIT
	RADIX HEX
	BASE 074B
	SIZE 0152
	ATTRIB REL CON
	GLOBALS
		gsinit	074B
AREA _GSINITTAIL
	RADIX HEX
	BASE 089D
	SIZE 0001
	ATTRIB REL CON
AREA _GSFINAL
	RADIX HEX
	BASE 089E
	SIZE 0000
	ATTRIB REL CON
AREA _DATA
	RADIX HEX
	BASE C0A0
	SIZE 0196
	ATTRIB REL CON
	GLOBALS
		_MazeSprites	C0A0
		_MazeMap	C0E0
		_PlayerSprite	C223
		_spritesize	C233
		_playerlocation	C234
AREA _BSS
	RADIX HEX
	BASE C236
	SIZE 0059
	ATTRIB REL CON
	GLOBALS
		__cpu	C236
		.mode	C237
		__io_out	C238
		__io_in	C239
		__io_status	C23A
		.vbl_done	C23B
		__current_bank	C23C
		_sys_time	C23D
		.sys_time	C23D
		.int_0x40	C23F
		.int_0x48	C24F
		.int_0x50	C25F
		.int_0x58	C26F
		.int_0x60	C27F
AREA _HEAP
	RADIX HEX
	BASE C28F
	SIZE 0000
	ATTRIB REL CON
	GLOBALS
		_malloc_heap_start	C28F
AREA _OVERLAY
	RADIX HEX
	BASE C28F
	SIZE 0000
	ATTRIB REL CON
AREA _ISEG
	RADIX HEX
	BASE C28F
	SIZE 0000
	ATTRIB REL CON
AREA _BSEG
	RADIX HEX
	BASE C28F
	SIZE 0000
	ATTRIB REL CON
AREA _XSEG
	RADIX HEX
	BASE C28F
	SIZE 0000
	ATTRIB REL CON
MODULES
	FILE /opt/gbdk/lib/small/asxxxx/gb/crt0.o
		NAME Runtime
	FILE main.o
		NAME lcc64010
LIBRARIES
	LIBRARY /opt/gbdk/lib/small/asxxxx/gbz80/gbz80.lib
		MODULE crt0_rle.o
	LIBRARY /opt/gbdk/lib/small/asxxxx/gb/gb.lib
		MODULE mv_spr.o
	LIBRARY /opt/gbdk/lib/small/asxxxx/gb/gb.lib
		MODULE set_data.o
	LIBRARY /opt/gbdk/lib/small/asxxxx/gb/gb.lib
		MODULE pad.o
	LIBRARY /opt/gbdk/lib/small/asxxxx/gb/gb.lib
		MODULE set_spr.o
	LIBRARY /opt/gbdk/lib/small/asxxxx/gb/gb.lib
		MODULE cpy_data.o
	LIBRARY /opt/gbdk/lib/small/asxxxx/gb/gb.lib
		MODULE set_bk_t.o
	LIBRARY /opt/gbdk/lib/small/asxxxx/gb/gb.lib
		MODULE set_xy_t.o
USERBASEDEF
	_CODE=0x0200
	_DATA=0xC0A0
	_CODE_1=0x4000
USERGLOBALDEF
	.OAM=0xC000
	.STACK=0xE000
	.refresh_OAM=0xFF80
	.init=0x0000
